hello

world!2020
20
1.2222222199999999E+000
1.2330000000000000E-010
